// Jest Snapshot v1, https://goo.gl/fbAQLP

exports[`Configure renders markup without state 1`] = `
<ng-component
  testedWidget={[Function NgCviConfigure]}
>
  <cvi-vision>
    <cvi-configure />
  </cvi-vision>
</ng-component>
`;
